// Jest Snapshot v1, https://goo.gl/fbAQLP

exports[`<Question /> should render with statement and answers 1`] = `
.c5 {
  cursor: pointer;
  list-style: none;
  background: #040923;
  -webkit-transition: all 0.5s ease-in-out;
  transition: all 0.5s ease-in-out;
  color: #FAFAFA;
  font-weight: 600;
  border-radius: 4px;
  padding: 1.6rem 1.6rem;
  font-size: 1.8rem;
}

.c5:hover {
  color: #2DC2C3;
}

.c3 {
  color: #030617;
  font-size: 1.8rem;
  font-weight: 400;
  padding: 1.6rem;
}

.c0 {
  margin-top: -3.6rem;
  min-width: 100%;
  -webkit-animation: eyJzjA 2.3s ease-in-out;
  animation: eyJzjA 2.3s ease-in-out;
}

.c1 {
  background-color: #FAFAFA;
  color: #3A3A3A;
  border-radius: 2.6rem 2.6rem 2.6rem 0;
  padding: 2.4rem 2.4rem;
  margin-bottom: 4.8rem;
  display: -webkit-box;
  display: -webkit-flex;
  display: -ms-flexbox;
  display: flex;
  -webkit-flex-direction: column;
  -ms-flex-direction: column;
  flex-direction: column;
  -webkit-align-items: center;
  -webkit-box-align: center;
  -ms-flex-align: center;
  align-items: center;
  -webkit-box-pack: center;
  -webkit-justify-content: center;
  -ms-flex-pack: center;
  justify-content: center;
}

.c1 p {
  font-size: 1.8rem;
  line-height: 1.4;
  text-align: justify;
  max-width: 100%;
}

.c1 img {
  max-width: 100%;
}

.c2 {
  background-color: #FAFAFA;
  padding: 0.4rem;
  border-radius: 2.6rem;
}

.c2 .c4 {
  margin-bottom: 0.4rem;
}

.c2 .c4:last-child {
  border-radius: 0 0 2.4rem 2.4rem;
  margin-bottom: 0;
}

@media (min-width:768px) {
  .c5 {
    font-size: 2.0rem;
  }
}

@media (min-width:768px) {
  .c3 {
    font-size: 2.0rem;
  }
}

@media (min-width:768px) {
  .c0 {
    box-shadow: 0 0 0.4rem 0.5rem 0 rgba(0,0,0,0.2);
    padding: 0 5.6rem;
  }
}

@media (min-width:768px) {
  .c1 {
    padding: 2.4rem 4.8rem;
  }
}

@media (min-width:768px) {
  .c1 p {
    font-size: 2.0rem;
  }
}

<div>
  <div
    class="c0"
  >
    <div
      class="c1"
    >
      <div>
        <figure
          class="image"
        >
          <img
            alt=""
            src="https://res.cloudinary.com/dg64nrwjl/image/upload/v1608203495/question_4_c08561bb4d.png"
          />
        </figure>
      </div>
    </div>
    <div
      class="c2"
    >
      <h2
        class="c3"
      >
        Ao abordar o assunto “obesidade”, em uma seção de jornal, o autor
      </h2>
      <ul>
        <li
          class="c4 c5"
        >
          defende o consumo liberado de açúcar.
        </li>
        <li
          class="c4 c5"
        >
          aponta a gordura como o grande vilão da saúde.
        </li>
        <li
          class="c4 c5"
        >
          demonstra acreditar que a obesidade não é preocupante.
        </li>
        <li
          class="c4 c5"
        >
          indica a necessidade de mais pesquisas sobre o assunto.
        </li>
        <li
          class="c4 c5"
        >
          enfatiza a redução de ingestão de calorias pelos americanos.
        </li>
      </ul>
    </div>
  </div>
</div>
`
